
> frontend@0.1.0 build
> react-scripts build

Creating an optimized production build...
Compiled with warnings.

[eslint] 
src\components\AuditorResolutionHub.jsx
  Line 1:10:  'AlertBox' is defined but never used       no-unused-vars
  Line 1:33:  'AlertTriangle' is defined but never used  no-unused-vars

src\components\Chatbot.jsx
  Line 1:37:  'Activity' is defined but never used  no-unused-vars

src\components\FundTrackerTab.jsx
  Line 1:43:  'ArrowDown' is defined but never used  no-unused-vars

src\components\RegionalAnalytics.jsx
  Line 1:29:  'TrendingUp' is defined but never used  no-unused-vars

src\pages\CitizenPublicDashboard.jsx
  Line 1:74:    'Search' is defined but never used                                                                                                                                                                                                                                                                                                                                 no-unused-vars
  Line 303:17:  The href attribute requires a valid value to be accessible. Provide a valid, navigable address as the href value. If you cannot provide a valid href, but still need the element to resemble a link, use a button and change it with appropriate styles. Learn more: https://github.com/jsx-eslint/eslint-plugin-jsx-a11y/blob/HEAD/docs/rules/anchor-is-valid.md  jsx-a11y/anchor-is-valid
  Line 305:17:  The href attribute requires a valid value to be accessible. Provide a valid, navigable address as the href value. If you cannot provide a valid href, but still need the element to resemble a link, use a button and change it with appropriate styles. Learn more: https://github.com/jsx-eslint/eslint-plugin-jsx-a11y/blob/HEAD/docs/rules/anchor-is-valid.md  jsx-a11y/anchor-is-valid

src\pages\OfficialDashboard.jsx
  Line 17:10:  'expandedDept' is assigned a value but never used     no-unused-vars
  Line 17:24:  'setExpandedDept' is assigned a value but never used  no-unused-vars

src\pages\Register.jsx
  Line 36:13:  'response' is assigned a value but never used  no-unused-vars

Search for the keywords to learn more about each warning.
To ignore, add // eslint-disable-next-line to the line before.

File sizes after gzip:

  153.63 kB  build\static\js\main.0774457b.js
  10.17 kB   build\static\css\main.b7df5bf5.css
  158 B      build\static\js\488.a6998d7e.chunk.js

The project was built assuming it is hosted at /.
You can control this with the homepage field in your package.json.

The build folder is ready to be deployed.
You may serve it with a static server:

  npm install -g serve
  serve -s build

Find out more about deployment here:

  https://cra.link/deployment

